// Jest Snapshot v1, https://goo.gl/fbAQLP

exports[`calculator tests should match the Dom snapshot 1`] = `
<div
  className="main main-section"
  data-testid="calc"
>
  <div
    className="section-quotes"
  >
    <h1>
      Let's do some math!
    </h1>
  </div>
  <div
    className="section-calculator"
  >
    <div
      className="calculator"
    >
      <div
        className="input"
        contentEditable={false}
        data-testid="input"
      >
        0
      </div>
      <div
        className="calculator-functions"
      >
        <button
          className="btn"
          data-testid="button"
          onClick={[Function]}
          onKeyDown={[Function]}
          type="button"
        >
          <span>
            AC
          </span>
        </button>
        <button
          className="btn"
          data-testid="button"
          onClick={[Function]}
          onKeyDown={[Function]}
          type="button"
        >
          <span>
            +/-
          </span>
        </button>
        <button
          className="btn"
          data-testid="button"
          onClick={[Function]}
          onKeyDown={[Function]}
          type="button"
        >
          <span>
            %
          </span>
        </button>
        <button
          className="btn"
          data-testid="button"
          onClick={[Function]}
          onKeyDown={[Function]}
          type="button"
        >
          <span>
            รท
          </span>
        </button>
        <button
          className="btn"
          data-testid="button"
          onClick={[Function]}
          onKeyDown={[Function]}
          type="button"
        >
          <span>
            7
          </span>
        </button>
        <button
          className="btn"
          data-testid="button"
          onClick={[Function]}
          onKeyDown={[Function]}
          type="button"
        >
          <span>
            8
          </span>
        </button>
        <button
          className="btn"
          data-testid="button"
          onClick={[Function]}
          onKeyDown={[Function]}
          type="button"
        >
          <span>
            9
          </span>
        </button>
        <button
          className="btn"
          data-testid="button"
          onClick={[Function]}
          onKeyDown={[Function]}
          type="button"
        >
          <span>
            x
          </span>
        </button>
        <button
          className="btn"
          data-testid="button"
          onClick={[Function]}
          onKeyDown={[Function]}
          type="button"
        >
          <span>
            4
          </span>
        </button>
        <button
          className="btn"
          data-testid="button"
          onClick={[Function]}
          onKeyDown={[Function]}
          type="button"
        >
          <span>
            5
          </span>
        </button>
        <button
          className="btn"
          data-testid="button"
          onClick={[Function]}
          onKeyDown={[Function]}
          type="button"
        >
          <span>
            6
          </span>
        </button>
        <button
          className="btn"
          data-testid="button"
          onClick={[Function]}
          onKeyDown={[Function]}
          type="button"
        >
          <span>
            -
          </span>
        </button>
        <button
          className="btn"
          data-testid="button"
          onClick={[Function]}
          onKeyDown={[Function]}
          type="button"
        >
          <span>
            1
          </span>
        </button>
        <button
          className="btn"
          data-testid="button"
          onClick={[Function]}
          onKeyDown={[Function]}
          type="button"
        >
          <span>
            2
          </span>
        </button>
        <button
          className="btn"
          data-testid="button"
          onClick={[Function]}
          onKeyDown={[Function]}
          type="button"
        >
          <span>
            3
          </span>
        </button>
        <button
          className="btn"
          data-testid="button"
          onClick={[Function]}
          onKeyDown={[Function]}
          type="button"
        >
          <span>
            +
          </span>
        </button>
        <button
          className="btn"
          data-testid="button"
          onClick={[Function]}
          onKeyDown={[Function]}
          type="button"
        >
          <span>
            0
          </span>
        </button>
        <button
          className="btn"
          data-testid="button"
          onClick={[Function]}
          onKeyDown={[Function]}
          type="button"
        >
          <span>
            .
          </span>
        </button>
        <button
          className="btn"
          data-testid="button"
          onClick={[Function]}
          onKeyDown={[Function]}
          type="button"
        >
          <span>
            =
          </span>
        </button>
      </div>
    </div>
  </div>
</div>
`;
