// Jest Snapshot v1, https://goo.gl/fbAQLP

exports[`should match the Dom snapshot 1`] = `
<header
  className="header"
>
  <nav
    className="nav"
  >
    <a
      className="logo"
      href="/"
      onClick={[Function]}
    >
      Math Magicians
    </a>
    <ul
      className="menu"
    >
      <li
        className="menu_item"
      >
        <a
          className="link_item"
          href="/"
          onClick={[Function]}
        >
          Home
        </a>
      </li>
      <li
        className="menu_item"
      >
        <a
          className="link_item"
          href="/calculator"
          onClick={[Function]}
        >
          Calculator
        </a>
      </li>
      <li
        className="menu_item"
      >
        <a
          className="link_item"
          href="/quote"
          onClick={[Function]}
        >
          Quotes
        </a>
      </li>
    </ul>
  </nav>
</header>
`;
